read: 0
errno: 25
write: 0
errno: 25
all: 0
errno: 25
folder: 0
errno: 25
file: 0
errno: 25
